E:\GitHub\Visit-my-city>pip install gunicorn
E:\GitHub\Visit-my-city>pip freeze > requirements.txt



Windows PowerShell
Copyright (C) Microsoft Corporation. All rights reserved.

Try the new cross-platform PowerShell https://aka.ms/pscore6

PS E:\GitHub\Visit-my-city> heroku
 »   Warning: Our terms of service have changed: https://dashboard.heroku.com/terms-of-service
CLI to interact with Heroku

VERSION
  heroku/7.53.0 win32-x64 node-v12.21.0

USAGE
  $ heroku [COMMAND]

COMMANDS
  access          manage user access to apps
  addons          tools and services for developing, extending, and operating your app
  apps            manage apps on Heroku
  auth            check 2fa status
  authorizations  OAuth authorizations
  autocomplete    display autocomplete installation instructions
  buildpacks      scripts used to compile apps
  certs           a topic for the ssl plugin
  ci              run an application test suite on Heroku
  clients         OAuth clients on the platform
  config          environment variables of apps
  container       Use containers to build and deploy Heroku apps
  domains         custom domains for apps
  drains          forward logs to syslog or HTTPS
  features        add/remove app features
  git             manage local git repository for app
  help            display help for heroku
  keys            add/remove account ssh keys
  labs            add/remove experimental features
  local           run Heroku app locally
  logs            display recent log output
  maintenance     enable/disable access to app
  notifications   display notifications
  orgs            manage organizations
  pg              manage postgresql databases
  pipelines       manage pipelines
  plugins         list installed plugins
  psql            open a psql shell to the database
  releases        display the releases for an app
  reviewapps      manage reviewapps in pipelines
  run             run a one-off process inside a Heroku dyno
  sessions        OAuth sessions
  spaces          manage heroku private spaces
  status          status of the Heroku platform
  update          update the Heroku CLI
  webhooks        list webhooks on an app


PS E:\GitHub\Visit-my-city> heroku login
heroku: Press any key to open up the browser to login or q to exit:
0xNTIuNTcuMjAyLjQ3bgYAaATVNYIBYgABUYA.GfBcADGIQckGgy5AS-JRKA0rXthK1LAdev9IlwWMKiE
Logging in... done
Logged in as shubhamlagad2000@gmail.com


PS E:\GitHub\Visit-my-city> git init
PS E:\GitHub\Visit-my-city> git add .
PS E:\GitHub\Visit-my-city> git commit -m "Initial commit"


 4 files changed, 91 insertions(+), 1 deletion(-)
 create mode 100644 Procfile
 rename index.py => app.py (99%)
 create mode 100644 command.txt
PS E:\GitHub\Visit-my-city> heroku create visitMyCity
Creating ⬢ visitMyCity... !
 and dashes.                                                                                                    and dashes.      

 
PS E:\GitHub\Visit-my-city> heroku create visitmycity
Creating ⬢ visitmycity... done
https://visitmycity.herokuapp.com/ | https://git.heroku.com/visitmycity.git
PS E:\GitHub\Visit-my-city> git remote -v
heroku  https://git.heroku.com/visitmycity.git (fetch)
heroku  https://git.heroku.com/visitmycity.git (push)
origin  https://github.com/ShubhamLagad/Visit-my-city.git (fetch)
origin  https://github.com/ShubhamLagad/Visit-my-city.git (push)
PS E:\GitHub\Visit-my-city> git push heroku master
error: src refspec master does not match any
error: failed to push some refs to 'https://git.heroku.com/visitmycity.git'
PS E:\GitHub\Visit-my-city> git remote -v
heroku  https://git.heroku.com/visitmycity.git (fetch)
heroku  https://git.heroku.com/visitmycity.git (push)
origin  https://github.com/ShubhamLagad/Visit-my-city.git (fetch)
origin  https://github.com/ShubhamLagad/Visit-my-city.git (push)
PS E:\GitHub\Visit-my-city> git push heroku master
error: src refspec master does not match any
error: failed to push some refs to 'https://git.heroku.com/visitmycity.git'
PS E:\GitHub\Visit-my-city>